>>> add_integer = __import__('0-add_integer').add_integer
>>> add_integer()
Traceback (most recent call last):
...
TypeError: add_integer() missing 1 required positional argument: 'a'
>>> add_integer(False)
Traceback (most recent call last):
...
TypeError: a must be an integer
>>> add_integer(102)
200
>>> add_integer(102.5)
200
>>> add_integer(12, True)
Traceback (most recent call last):
>>> add_integer(10, 20)
30
>>> add_integer(12, 12.8)
24
>>> add_integer(float('inf'))
Traceback (most recent call last):
...
OverflowError: cannot convert float infinity to integer
>>> add_integer(float('nan'))
Traceback (most recent call last):
...
ValueError: cannot convert float NaN to integer